[INFO] Adding Read Groups to sorted BAM files (excluding those containing '_2')...
[INFO] Adding RG to AV241_R1_trimmed_bismark_bt2_pe.sorted.bam (sample=AV241_R1_trimmed_bismark_bt2_pe.sorted)
[INFO] Adding RG to AV243_R1_trimmed_bismark_bt2_pe.sorted.bam (sample=AV243_R1_trimmed_bismark_bt2_pe.sorted)
[INFO] Adding RG to AV244_R1_trimmed_bismark_bt2_pe.sorted.bam (sample=AV244_R1_trimmed_bismark_bt2_pe.sorted)
[INFO] Adding RG to AV246_R1_trimmed_bismark_bt2_pe.sorted.bam (sample=AV246_R1_trimmed_bismark_bt2_pe.sorted)
[INFO] Adding RG to AV249_R1_trimmed_bismark_bt2_pe.sorted.bam (sample=AV249_R1_trimmed_bismark_bt2_pe.sorted)
[INFO] Adding RG to AV250_R1_trimmed_bismark_bt2_pe.sorted.bam (sample=AV250_R1_trimmed_bismark_bt2_pe.sorted)
[INFO] Adding RG to AV251_R1_trimmed_bismark_bt2_pe.sorted.bam (sample=AV251_R1_trimmed_bismark_bt2_pe.sorted)
[INFO] Adding RG to AV252_R1_trimmed_bismark_bt2_pe.sorted.bam (sample=AV252_R1_trimmed_bismark_bt2_pe.sorted)
[INFO] Adding RG to AV253_R1_trimmed_bismark_bt2_pe.sorted.bam (sample=AV253_R1_trimmed_bismark_bt2_pe.sorted)
[INFO] Adding RG to AV254_R1_trimmed_bismark_bt2_pe.sorted.bam (sample=AV254_R1_trimmed_bismark_bt2_pe.sorted)
[INFO] Adding RG to AV256_R1_trimmed_bismark_bt2_pe.sorted.bam (sample=AV256_R1_trimmed_bismark_bt2_pe.sorted)
[INFO] Adding RG to AV259_R1_trimmed_bismark_bt2_pe.sorted.bam (sample=AV259_R1_trimmed_bismark_bt2_pe.sorted)
[INFO] Adding RG to AV260_R1_trimmed_bismark_bt2_pe.sorted.bam (sample=AV260_R1_trimmed_bismark_bt2_pe.sorted)
[INFO] Adding RG to AV261_R1_trimmed_bismark_bt2_pe.sorted.bam (sample=AV261_R1_trimmed_bismark_bt2_pe.sorted)
[INFO] Adding RG to AV262_R1_trimmed_bismark_bt2_pe.sorted.bam (sample=AV262_R1_trimmed_bismark_bt2_pe.sorted)
[INFO] Adding RG to AV263A_R1_trimmed_bismark_bt2_pe.sorted.bam (sample=AV263A_R1_trimmed_bismark_bt2_pe.sorted)
[INFO] Adding RG to AV263B_R1_trimmed_bismark_bt2_pe.sorted.bam (sample=AV263B_R1_trimmed_bismark_bt2_pe.sorted)
[INFO] Adding RG to AV264B_R1_trimmed_bismark_bt2_pe.sorted.bam (sample=AV264B_R1_trimmed_bismark_bt2_pe.sorted)
[INFO] Adding RG to AV265_R1_trimmed_bismark_bt2_pe.sorted.bam (sample=AV265_R1_trimmed_bismark_bt2_pe.sorted)
[INFO] Adding RG to AV266_R1_trimmed_bismark_bt2_pe.sorted.bam (sample=AV266_R1_trimmed_bismark_bt2_pe.sorted)
[INFO] Adding RG to AV272_R1_trimmed_bismark_bt2_pe.sorted.bam (sample=AV272_R1_trimmed_bismark_bt2_pe.sorted)
[INFO] Adding RG to AV273_R1_trimmed_bismark_bt2_pe.sorted.bam (sample=AV273_R1_trimmed_bismark_bt2_pe.sorted)
[INFO] Adding RG to AV276_R1_trimmed_bismark_bt2_pe.sorted.bam (sample=AV276_R1_trimmed_bismark_bt2_pe.sorted)
[INFO] Adding RG to AV278_R1_trimmed_bismark_bt2_pe.sorted.bam (sample=AV278_R1_trimmed_bismark_bt2_pe.sorted)
[INFO] Adding RG to AV279_R1_trimmed_bismark_bt2_pe.sorted.bam (sample=AV279_R1_trimmed_bismark_bt2_pe.sorted)
[INFO] Adding RG to AV280_R1_trimmed_bismark_bt2_pe.sorted.bam (sample=AV280_R1_trimmed_bismark_bt2_pe.sorted)
[INFO] Adding RG to AV281_R1_trimmed_bismark_bt2_pe.sorted.bam (sample=AV281_R1_trimmed_bismark_bt2_pe.sorted)
[INFO] Adding RG to AV282_R1_trimmed_bismark_bt2_pe.sorted.bam (sample=AV282_R1_trimmed_bismark_bt2_pe.sorted)
[INFO] Adding RG to AV283_R1_trimmed_bismark_bt2_pe.sorted.bam (sample=AV283_R1_trimmed_bismark_bt2_pe.sorted)
[INFO] Adding RG to AV284_R1_trimmed_bismark_bt2_pe.sorted.bam (sample=AV284_R1_trimmed_bismark_bt2_pe.sorted)
[INFO] Adding RG to AV286_R1_trimmed_bismark_bt2_pe.sorted.bam (sample=AV286_R1_trimmed_bismark_bt2_pe.sorted)
[INFO] Adding RG to AV287_R1_trimmed_bismark_bt2_pe.sorted.bam (sample=AV287_R1_trimmed_bismark_bt2_pe.sorted)
[INFO] Adding RG to AV288_R1_trimmed_bismark_bt2_pe.sorted.bam (sample=AV288_R1_trimmed_bismark_bt2_pe.sorted)
[INFO] Adding RG to AV289_R1_trimmed_bismark_bt2_pe.sorted.bam (sample=AV289_R1_trimmed_bismark_bt2_pe.sorted)
[INFO] Adding RG to AV290_R1_trimmed_bismark_bt2_pe.sorted.bam (sample=AV290_R1_trimmed_bismark_bt2_pe.sorted)
[INFO] Adding RG to AV291_R1_trimmed_bismark_bt2_pe.sorted.bam (sample=AV291_R1_trimmed_bismark_bt2_pe.sorted)
[INFO] Adding RG to AV292_R1_trimmed_bismark_bt2_pe.sorted.bam (sample=AV292_R1_trimmed_bismark_bt2_pe.sorted)
[INFO] Adding RG to AV293_R1_trimmed_bismark_bt2_pe.sorted.bam (sample=AV293_R1_trimmed_bismark_bt2_pe.sorted)
[INFO] Adding RG to AV296_R1_trimmed_bismark_bt2_pe.sorted.bam (sample=AV296_R1_trimmed_bismark_bt2_pe.sorted)
[INFO] Adding RG to AV297_R1_trimmed_bismark_bt2_pe.sorted.bam (sample=AV297_R1_trimmed_bismark_bt2_pe.sorted)
[INFO] Adding RG to AV298_R1_trimmed_bismark_bt2_pe.sorted.bam (sample=AV298_R1_trimmed_bismark_bt2_pe.sorted)
[INFO] Adding RG to AV299_R1_trimmed_bismark_bt2_pe.sorted.bam (sample=AV299_R1_trimmed_bismark_bt2_pe.sorted)
[INFO] Read Groups added to all selected BAM files.
[INFO] Merging BAMs with RG information...
[INFO] Indexing merged BAM...
[INFO] DONE. Combined BAM generated with proper Read Groups:
       ./VARIMETH1_bismark/merged_all_samples.bam
